// Jest Snapshot v1, https://goo.gl/fbAQLP

exports[`Footer Component Contains Contact Us 1`] = `
<div>
  <div
    class="MuiContainer-root MuiContainer-maxWidthLg css-1jhv0pg-MuiContainer-root"
  >
    <div
      class="MuiGrid-root MuiGrid-container css-s9rcqg-MuiGrid-root"
    >
      <p
        class="MuiTypography-root MuiTypography-body1 css-ahj2mt-MuiTypography-root"
      >
        Copyright 2023 Catstagram.
      </p>
      <p
        class="MuiTypography-root MuiTypography-body1 css-ahj2mt-MuiTypography-root"
      >
        Contact Us
      </p>
    </div>
  </div>
</div>
`;
